// Jest Snapshot v1, https://goo.gl/fbAQLP

exports[`The app renders correctly 1`] = `
<div>
  <h1>
    Hello, world!
  </h1>
  <img
    alt="placeholder"
    src="placeholder.png"
  />
</div>
`;
